// Jest Snapshot v1, https://goo.gl/fbAQLP

exports[`renders correctly - snapshot 1`] = `
<div
  id="react-quiz"
>
  <div
    id="quiz-list"
  >
    <div
      className="header"
    >
      <h1
        className="title"
      >
        Welcome!!!
      </h1>
    </div>
    <div
      className="body"
    >
      <h2
        className="title"
      >
        Quizzes:
      </h2>
      <ul>
        <li>
          <div
            className="quiz"
            onClick={[Function]}
          >
            <div
              className="name"
            >
              Beginner Mathematics
            </div>
            <div
              className="total"
            >
              5
               Questions
            </div>
          </div>
        </li>
        <li>
          <div
            className="quiz"
            onClick={[Function]}
          >
            <div
              className="name"
            >
              Advanced Mathematics
            </div>
            <div
              className="total"
            >
              5
               Questions
            </div>
          </div>
        </li>
      </ul>
    </div>
  </div>
</div>
`;
