// Jest Snapshot v1, https://goo.gl/fbAQLP

exports[`renders correctly - snapshot 1`] = `
<div
  id="quiz-list"
>
  <div
    className="header"
  >
    <h1
      className="title"
    >
      Welcome!!!
    </h1>
  </div>
  <div
    className="body"
  >
    <h2
      className="title"
    >
      Quizzes:
    </h2>
    <ul />
  </div>
</div>
`;
